11:24:12 **** Incremental Build of configuration Debug for project BJT_Curve_Tracer ****
make -j12 all 
arm-none-eabi-size  BJT_Curve_Tracer.elf 
   text	   data	    bss	    dec	    hex	filename
  78668	    748	  32356	 111772	  1b49c	BJT_Curve_Tracer.elf
Finished building: default.size.stdout
 
11:24:17 **** Incremental Build of configuration Debug for project BJT_Curve_Tracer ****
make -j12 all 
arm-none-eabi-size  BJT_Curve_Tracer.elf 
   text	   data	    bss	    dec	    hex	filename
  78668	    748	  32356	 111772	  1b49c	BJT_Curve_Tracer.elf
Finished building: default.size.stdout
 
